// Jest Snapshot v1, https://goo.gl/fbAQLP

exports[`Should match the snapshot 1`] = `
<section
  style={
    Object {
      "display": "flex",
      "flexDirection": "column",
    }
  }
>
  <Memo(SideNavigation) />
  <MainNavgation />
  <div
    className="block"
  >
    <Primary />
    <Side />
  </div>
</section>
`;
