// Jest Snapshot v1, https://goo.gl/fbAQLP

exports[`Should match the snapshot 1`] = `
<label
  className="urlinput"
  htmlFor="urlinput"
>
  <input
    autoComplete="off"
    id="urlinput"
    placeholder=" "
    type="url"
  />
  <span
    className="label"
  >
    Enter your website url
  </span>
  <span
    className="border"
  />
</label>
`;
