// Jest Snapshot v1, https://goo.gl/fbAQLP

exports[`Should match the snapshot 1`] = `
"<div className=\\"inputcard__wrapper\\">
  <div className=\\"inputcard__sub-wrapper\\">
    <h1>
      Web Speed App
    </h1>
    <InputCard />
    <div className=\\"inputcard__btn-wrapper\\">
      <InputButtonWrapper />
      <SpinnerWrapper />
    </div>
  </div>
  <WebOptimizeWrapper />
</div>"
`;
