// Jest Snapshot v1, https://goo.gl/fbAQLP

exports[`SideNavigation snapshot should match the snapshot 1`] = `
<Fragment>
  <Animated(div)
    style={
      Object {
        "display": SpringValue {
          "_children": Set {},
          "_defaultProps": Object {},
          "_lastCallId": 0,
          "_lastToId": 0,
          "_phase": "CREATED",
          "_priority": 0,
          "_state": Object {
            "pauseQueue": Set {},
            "resumeQueue": Set {},
          },
          "animation": Animation {
            "changed": false,
            "config": AnimationConfig {
              "bounce": undefined,
              "clamp": false,
              "damping": 1,
              "decay": undefined,
              "duration": undefined,
              "easing": [Function],
              "frequency": undefined,
              "friction": 26,
              "mass": 1,
              "precision": undefined,
              "progress": undefined,
              "restVelocity": undefined,
              "round": undefined,
              "tension": 170,
              "velocity": 0,
            },
            "from": undefined,
            "fromValues": Array [],
            "immediate": false,
            "onChange": undefined,
            "onRest": Array [],
            "onStart": undefined,
            "to": undefined,
            "toValues": null,
            "values": Array [],
          },
          "id": 8,
          "key": "display",
          "queue": undefined,
        },
        "opacity": SpringValue {
          "_children": Set {},
          "_defaultProps": Object {},
          "_lastCallId": 0,
          "_lastToId": 0,
          "_phase": "CREATED",
          "_priority": 0,
          "_state": Object {
            "pauseQueue": Set {},
            "resumeQueue": Set {},
          },
          "animation": Animation {
            "changed": false,
            "config": AnimationConfig {
              "bounce": undefined,
              "clamp": false,
              "damping": 1,
              "decay": undefined,
              "duration": undefined,
              "easing": [Function],
              "frequency": undefined,
              "friction": 26,
              "mass": 1,
              "precision": undefined,
              "progress": undefined,
              "restVelocity": undefined,
              "round": undefined,
              "tension": 170,
              "velocity": 0,
            },
            "from": undefined,
            "fromValues": Array [],
            "immediate": false,
            "onChange": undefined,
            "onRest": Array [],
            "onStart": undefined,
            "to": undefined,
            "toValues": null,
            "values": Array [],
          },
          "id": 7,
          "key": "opacity",
          "queue": undefined,
        },
      }
    }
  />
  <Animated(div)
    style={
      Object {
        "left": SpringValue {
          "_children": Set {},
          "_defaultProps": Object {},
          "_lastCallId": 0,
          "_lastToId": 0,
          "_phase": "CREATED",
          "_priority": 0,
          "_state": Object {
            "pauseQueue": Set {},
            "resumeQueue": Set {},
          },
          "animation": Animation {
            "changed": false,
            "config": AnimationConfig {
              "bounce": undefined,
              "clamp": false,
              "damping": 1,
              "decay": undefined,
              "duration": undefined,
              "easing": [Function],
              "frequency": undefined,
              "friction": 26,
              "mass": 1,
              "precision": undefined,
              "progress": undefined,
              "restVelocity": undefined,
              "round": undefined,
              "tension": 170,
              "velocity": 0,
            },
            "from": undefined,
            "fromValues": Array [],
            "immediate": false,
            "onChange": undefined,
            "onRest": Array [],
            "onStart": undefined,
            "to": undefined,
            "toValues": null,
            "values": Array [],
          },
          "id": 3,
          "key": "left",
          "queue": undefined,
        },
        "width": SpringValue {
          "_children": Set {},
          "_defaultProps": Object {},
          "_lastCallId": 0,
          "_lastToId": 0,
          "_phase": "CREATED",
          "_priority": 0,
          "_state": Object {
            "pauseQueue": Set {},
            "resumeQueue": Set {},
          },
          "animation": Animation {
            "changed": false,
            "config": AnimationConfig {
              "bounce": undefined,
              "clamp": false,
              "damping": 1,
              "decay": undefined,
              "duration": undefined,
              "easing": [Function],
              "frequency": undefined,
              "friction": 26,
              "mass": 1,
              "precision": undefined,
              "progress": undefined,
              "restVelocity": undefined,
              "round": undefined,
              "tension": 170,
              "velocity": 0,
            },
            "from": undefined,
            "fromValues": Array [],
            "immediate": false,
            "onChange": undefined,
            "onRest": Array [],
            "onStart": undefined,
            "to": undefined,
            "toValues": null,
            "values": Array [],
          },
          "id": 4,
          "key": "width",
          "queue": undefined,
        },
      }
    }
  >
    <div
      style={
        Object {
          "transform": "translate(15px, 15px)",
        }
      }
    >
      <Button
        btnStyle="oval"
        handleOnClick={[Function]}
        isDesktopCloseContent={true}
      />
      <MenuLink
        content="Sign in"
        linkPath="/signin"
      />
      <ToggleSwitch />
    </div>
  </Animated(div)>
</Fragment>
`;
