// Jest Snapshot v1, https://goo.gl/fbAQLP

exports[`Should match the snapshot 1`] = `
<section
  className="block"
>
  <Link
    to="/"
  >
    <h1>
      Web Speed App
    </h1>
  </Link>
  <nav>
    <NavOpenLink
      settings={
        <React.Fragment>
          <div />
          <div />
          <div />
        </React.Fragment>
      }
    />
  </nav>
</section>
`;
