// Jest Snapshot v1, https://goo.gl/fbAQLP

exports[`Should match the snapshot 1`] = `
<section
  className="block"
>
  <Link
    to="/"
  >
    <h1>
      Web Speed App
    </h1>
  </Link>
  <nav>
    <Link
      to="/signin"
    >
      <h2>
        Sign in
      </h2>
    </Link>
    <NavOpenLink />
    <ToggleSwitch />
  </nav>
</section>
`;
