// Jest Snapshot v1, https://goo.gl/fbAQLP

exports[`Main snapshot should match the snapshot 1`] = `
<Section
  content={
    Object {
      "header": "Generic info",
      "mainContent": "Page overall information ",
      "result": Array [
        "Page overall category: ",
        "First Contentful Paint: ",
        "First Input Delay: ",
      ],
    }
  }
  data={
    Array [
      "SLOW",
      "AVERAGE",
      "FAST",
    ]
  }
  position="generic"
/>
`;
