// Jest Snapshot v1, https://goo.gl/fbAQLP

exports[`LighthouseTabContent snapshot should match the snapshot 1`] = `
<div>
  <div
    style={
      Object {
        "display": "flex",
      }
    }
  >
    <h2 />
    <div
      style={
        Object {
          "alignItems": "center",
          "display": "flex",
        }
      }
    >
      <span>
        <Section
          mainContent="lighthouse-tab-title"
        />
      </span>
      <ReactTooltip
        clickable={false}
        data-type="info"
        id="lighthouse-tab-title"
        insecure={true}
        resizeHide={true}
        wrapper="div"
      />
    </div>
  </div>
</div>
`;
