// Jest Snapshot v1, https://goo.gl/fbAQLP

exports[`Should match the snapshot 1`] = `
<div>
  <div>
    <div>
      <div>
        <OpenButton />
        <h1>
          Web Speed App
        </h1>
      </div>
      <div
        style={
          Object {
            "display": "flex",
            "margin": "30px 0px",
          }
        }
      >
        <InputUrl />
        <div>
          <InputButtonWrapper />
          <SpinnerWrapper />
        </div>
      </div>
    </div>
  </div>
  <LightHouse />
</div>
`;
